ast.Program{
    Declarations: {
        {Package:"main", Name:"app"}: ast.Invocation{
            CodePoint:    ast.CodePoint{FileName:"file.10x", Line:7},
            VariableType: &types.KnownType{
                Package:          "tenecs.go",
                Name:             "Main",
                DeclaredGenerics: nil,
                Generics:         nil,
            },
            Over: ast.Reference{
                CodePoint:    ast.CodePoint{FileName:"file.10x", Line:7},
                VariableType: &types.Function{
                    CodePointAsFirstArgument: false,
                    Generics:                 nil,
                    Arguments:                {
                        {
                            Name:         "main",
                            VariableType: &types.Function{
                                CodePointAsFirstArgument: false,
                                Generics:                 nil,
                                Arguments:                {
                                    {
                                        Name:         "runtime",
                                        VariableType: &types.KnownType{
                                            Package:          "tenecs.go",
                                            Name:             "Runtime",
                                            DeclaredGenerics: nil,
                                            Generics:         nil,
                                        },
                                    },
                                },
                                ReturnType: &types.KnownType{
                                    Package:          "",
                                    Name:             "Void",
                                    DeclaredGenerics: nil,
                                    Generics:         nil,
                                },
                            },
                        },
                    },
                    ReturnType: &types.KnownType{(CYCLIC REFERENCE)},
                },
                PackageName: &"tenecs.go",
                Name:        "Main",
            },
            Generics: {
            },
            Arguments: {
                &ast.Function{
                    CodePoint:    ast.CodePoint{FileName:"file.10x", Line:8},
                    VariableType: &types.Function{
                        CodePointAsFirstArgument: false,
                        Generics:                 nil,
                        Arguments:                {
                            {
                                Name:         "runtime",
                                VariableType: &types.KnownType{(CYCLIC REFERENCE)},
                            },
                        },
                        ReturnType: &types.KnownType{(CYCLIC REFERENCE)},
                    },
                    Block: {
                        ast.Declaration{
                            CodePoint:  ast.CodePoint{FileName:"file.10x", Line:9},
                            Name:       "output",
                            Expression: ast.Literal{
                                CodePoint:    ast.CodePoint{FileName:"file.10x", Line:9},
                                VariableType: &types.KnownType{
                                    Package:          "",
                                    Name:             "String",
                                    DeclaredGenerics: nil,
                                    Generics:         nil,
                                },
                                Literal: parser.LiteralString{Value:"\"Hello world!\""},
                            },
                        },
                        ast.Invocation{
                            CodePoint:    ast.CodePoint{FileName:"file.10x", Line:10},
                            VariableType: &types.KnownType{
                                Package:          "",
                                Name:             "Void",
                                DeclaredGenerics: nil,
                                Generics:         nil,
                            },
                            Over: ast.Access{
                                CodePoint:    ast.CodePoint{FileName:"file.10x", Line:10},
                                VariableType: &types.Function{
                                    CodePointAsFirstArgument: false,
                                    Generics:                 nil,
                                    Arguments:                {
                                        {
                                            Name:         "message",
                                            VariableType: &types.KnownType{
                                                Package:          "",
                                                Name:             "String",
                                                DeclaredGenerics: nil,
                                                Generics:         nil,
                                            },
                                        },
                                    },
                                    ReturnType: &types.KnownType{
                                        Package:          "",
                                        Name:             "Void",
                                        DeclaredGenerics: nil,
                                        Generics:         nil,
                                    },
                                },
                                Over: ast.Access{
                                    CodePoint:    ast.CodePoint{FileName:"file.10x", Line:10},
                                    VariableType: &types.KnownType{
                                        Package:          "tenecs.go",
                                        Name:             "Console",
                                        DeclaredGenerics: nil,
                                        Generics:         nil,
                                    },
                                    Over: ast.Reference{
                                        CodePoint:    ast.CodePoint{FileName:"file.10x", Line:10},
                                        VariableType: &types.KnownType{(CYCLIC REFERENCE)},
                                        PackageName:  (*string)(nil),
                                        Name:         "runtime",
                                    },
                                    Access: "console",
                                },
                                Access: "log",
                            },
                            Generics: {
                            },
                            Arguments: {
                                ast.Reference{
                                    CodePoint:    ast.CodePoint{FileName:"file.10x", Line:10},
                                    VariableType: &types.KnownType{(CYCLIC REFERENCE)},
                                    PackageName:  (*string)(nil),
                                    Name:         "output",
                                },
                            },
                        },
                    },
                },
            },
        },
    },
    TypeAliases: {
    },
    StructFunctions: {
    },
    NativeFunctions: {
        {Package:"tenecs_go", Name:"Main"}: &types.Function{
            CodePointAsFirstArgument: false,
            Generics:                 nil,
            Arguments:                {
                {
                    Name:         "main",
                    VariableType: &types.Function{
                        CodePointAsFirstArgument: false,
                        Generics:                 nil,
                        Arguments:                {
                            {
                                Name:         "runtime",
                                VariableType: &types.KnownType{
                                    Package:          "tenecs.go",
                                    Name:             "Runtime",
                                    DeclaredGenerics: nil,
                                    Generics:         nil,
                                },
                            },
                        },
                        ReturnType: &types.KnownType{
                            Package:          "",
                            Name:             "Void",
                            DeclaredGenerics: nil,
                            Generics:         nil,
                        },
                    },
                },
            },
            ReturnType: &types.KnownType{
                Package:          "tenecs.go",
                Name:             "Main",
                DeclaredGenerics: nil,
                Generics:         nil,
            },
        },
        {Package:"tenecs_go", Name:"Runtime"}: &types.Function{
            CodePointAsFirstArgument: false,
            Generics:                 nil,
            Arguments:                {
                {
                    Name:         "console",
                    VariableType: &types.KnownType{
                        Package:          "tenecs.go",
                        Name:             "Console",
                        DeclaredGenerics: nil,
                        Generics:         nil,
                    },
                },
                {
                    Name:         "ref",
                    VariableType: &types.KnownType{
                        Package:          "tenecs.ref",
                        Name:             "RefCreator",
                        DeclaredGenerics: nil,
                        Generics:         {
                        },
                    },
                },
                {
                    Name:         "time",
                    VariableType: &types.KnownType{
                        Package:          "tenecs.go",
                        Name:             "Time",
                        DeclaredGenerics: nil,
                        Generics:         nil,
                    },
                },
            },
            ReturnType: &types.KnownType{
                Package:          "tenecs.go",
                Name:             "Runtime",
                DeclaredGenerics: nil,
                Generics:         nil,
            },
        },
    },
    FieldsByType: {
        {Package:"main", Name:"Assert"}: {
            "equal": &types.Function{
                CodePointAsFirstArgument: true,
                Generics:                 {"T"},
                Arguments:                {
                    {
                        Name:         "value",
                        VariableType: &types.TypeArgument{Name:"T"},
                    },
                    {
                        Name:         "expected",
                        VariableType: &types.TypeArgument{Name:"T"},
                    },
                },
                ReturnType: &types.KnownType{
                    Package:          "",
                    Name:             "Void",
                    DeclaredGenerics: nil,
                    Generics:         nil,
                },
            },
            "fail": &types.Function{
                CodePointAsFirstArgument: true,
                Generics:                 {"T"},
                Arguments:                {
                    {
                        Name:         "message",
                        VariableType: &types.KnownType{
                            Package:          "",
                            Name:             "String",
                            DeclaredGenerics: nil,
                            Generics:         nil,
                        },
                    },
                },
                ReturnType: &types.TypeArgument{Name:"T"},
            },
        },
        {Package:"main", Name:"Break"}: {
            "value": &types.TypeArgument{Name:"S"},
        },
        {Package:"main", Name:"Console"}: {
            "log": &types.Function{
                CodePointAsFirstArgument: false,
                Generics:                 nil,
                Arguments:                {
                    {
                        Name:         "message",
                        VariableType: &types.KnownType{
                            Package:          "",
                            Name:             "String",
                            DeclaredGenerics: nil,
                            Generics:         nil,
                        },
                    },
                },
                ReturnType: &types.KnownType{
                    Package:          "",
                    Name:             "Void",
                    DeclaredGenerics: nil,
                    Generics:         nil,
                },
            },
        },
        {Package:"main", Name:"CssUrl"}: {
            "url": &types.KnownType{
                Package:          "",
                Name:             "String",
                DeclaredGenerics: nil,
                Generics:         nil,
            },
        },
        {Package:"main", Name:"Date"}: {
            "day": &types.KnownType{
                Package:          "",
                Name:             "Int",
                DeclaredGenerics: nil,
                Generics:         nil,
            },
            "month": &types.KnownType{
                Package:          "",
                Name:             "Int",
                DeclaredGenerics: nil,
                Generics:         nil,
            },
            "year": &types.KnownType{
                Package:          "",
                Name:             "Int",
                DeclaredGenerics: nil,
                Generics:         nil,
            },
        },
        {Package:"main", Name:"Error"}: {
            "message": &types.KnownType{
                Package:          "",
                Name:             "String",
                DeclaredGenerics: nil,
                Generics:         nil,
            },
        },
        {Package:"main", Name:"GoIntegrationTest"}: {
            "dependsOnVersionOf": &types.KnownType{
                Package:          "",
                Name:             "String",
                DeclaredGenerics: nil,
                Generics:         nil,
            },
            "name": &types.KnownType{
                Package:          "",
                Name:             "String",
                DeclaredGenerics: nil,
                Generics:         nil,
            },
            "theTest": &types.Function{
                CodePointAsFirstArgument: false,
                Generics:                 nil,
                Arguments:                {
                    {
                        Name:         "testkit",
                        VariableType: &types.KnownType{
                            Package:          "tenecs.test",
                            Name:             "GoIntegrationTestKit",
                            DeclaredGenerics: nil,
                            Generics:         nil,
                        },
                    },
                    {
                        Name:         "runtime",
                        VariableType: &types.KnownType{(CYCLIC REFERENCE)},
                    },
                },
                ReturnType: &types.KnownType{
                    Package:          "",
                    Name:             "Void",
                    DeclaredGenerics: nil,
                    Generics:         nil,
                },
            },
        },
        {Package:"main", Name:"GoIntegrationTestKit"}: {
            "assert": &types.KnownType{
                Package:          "tenecs.test",
                Name:             "Assert",
                DeclaredGenerics: nil,
                Generics:         nil,
            },
        },
        {Package:"main", Name:"HtmlElement"}: {
            "children": &types.OrVariableType{
                Elements: {
                    &types.KnownType{
                        Package:          "",
                        Name:             "String",
                        DeclaredGenerics: nil,
                        Generics:         nil,
                    },
                    &types.List{
                        Generic: &types.KnownType{
                            Package:          "tenecs.web",
                            Name:             "HtmlElement",
                            DeclaredGenerics: {"Event"},
                            Generics:         {
                                &types.TypeArgument{Name:"Event"},
                            },
                        },
                    },
                },
            },
            "name": &types.KnownType{
                Package:          "",
                Name:             "String",
                DeclaredGenerics: nil,
                Generics:         nil,
            },
            "properties": &types.List{
                Generic: &types.KnownType{
                    Package:          "tenecs.web",
                    Name:             "HtmlElementProperty",
                    DeclaredGenerics: {"Event"},
                    Generics:         {
                        &types.TypeArgument{Name:"Event"},
                    },
                },
            },
        },
        {Package:"main", Name:"HtmlElementProperty"}: {
            "name": &types.KnownType{
                Package:          "",
                Name:             "String",
                DeclaredGenerics: nil,
                Generics:         nil,
            },
            "value": &types.OrVariableType{
                Elements: {
                    &types.KnownType{
                        Package:          "",
                        Name:             "String",
                        DeclaredGenerics: nil,
                        Generics:         nil,
                    },
                    &types.Function{
                        CodePointAsFirstArgument: false,
                        Generics:                 nil,
                        Arguments:                {
                        },
                        ReturnType: &types.TypeArgument{Name:"Event"},
                    },
                },
            },
        },
        {Package:"main", Name:"JsonConverter"}: {
            "fromJson": &types.Function{
                CodePointAsFirstArgument: false,
                Generics:                 nil,
                Arguments:                {
                    {
                        Name:         "json",
                        VariableType: &types.KnownType{
                            Package:          "",
                            Name:             "String",
                            DeclaredGenerics: nil,
                            Generics:         nil,
                        },
                    },
                },
                ReturnType: &types.OrVariableType{
                    Elements: {
                        &types.TypeArgument{Name:"T"},
                        &types.KnownType{
                            Package:          "tenecs.error",
                            Name:             "Error",
                            DeclaredGenerics: nil,
                            Generics:         {
                            },
                        },
                    },
                },
            },
            "toJson": &types.Function{
                CodePointAsFirstArgument: false,
                Generics:                 nil,
                Arguments:                {
                    {
                        Name:         "value",
                        VariableType: &types.TypeArgument{Name:"T"},
                    },
                },
                ReturnType: &types.KnownType{
                    Package:          "",
                    Name:             "String",
                    DeclaredGenerics: nil,
                    Generics:         nil,
                },
            },
        },
        {Package:"main", Name:"JsonField"}: {
            "Converter": &types.KnownType{
                Package:          "tenecs.json",
                Name:             "JsonConverter",
                DeclaredGenerics: {"T"},
                Generics:         {
                    &types.TypeArgument{Name:"Field"},
                },
            },
            "access": &types.Function{
                CodePointAsFirstArgument: false,
                Generics:                 nil,
                Arguments:                {
                    {
                        Name:         "record",
                        VariableType: &types.TypeArgument{Name:"Record"},
                    },
                },
                ReturnType: &types.TypeArgument{Name:"Field"},
            },
            "name": &types.KnownType{
                Package:          "",
                Name:             "String",
                DeclaredGenerics: nil,
                Generics:         nil,
            },
        },
        {Package:"main", Name:"Main"}: {
            "main": &types.Function{
                CodePointAsFirstArgument: false,
                Generics:                 nil,
                Arguments:                {
                    {
                        Name:         "runtime",
                        VariableType: &types.KnownType{(CYCLIC REFERENCE)},
                    },
                },
                ReturnType: &types.KnownType{
                    Package:          "",
                    Name:             "Void",
                    DeclaredGenerics: nil,
                    Generics:         nil,
                },
            },
        },
        {Package:"main", Name:"Ref"}: {
            "get": &types.Function{
                CodePointAsFirstArgument: false,
                Generics:                 nil,
                Arguments:                {
                },
                ReturnType: &types.TypeArgument{Name:"T"},
            },
            "modify": &types.Function{
                CodePointAsFirstArgument: false,
                Generics:                 nil,
                Arguments:                {
                    {
                        Name:         "f",
                        VariableType: &types.Function{
                            CodePointAsFirstArgument: false,
                            Generics:                 {},
                            Arguments:                {
                                {
                                    Name:         "value",
                                    VariableType: &types.TypeArgument{Name:"T"},
                                },
                            },
                            ReturnType: &types.TypeArgument{Name:"T"},
                        },
                    },
                },
                ReturnType: &types.KnownType{
                    Package:          "",
                    Name:             "Void",
                    DeclaredGenerics: nil,
                    Generics:         nil,
                },
            },
            "set": &types.Function{
                CodePointAsFirstArgument: false,
                Generics:                 nil,
                Arguments:                {
                    {
                        Name:         "value",
                        VariableType: &types.TypeArgument{Name:"T"},
                    },
                },
                ReturnType: &types.KnownType{
                    Package:          "",
                    Name:             "Void",
                    DeclaredGenerics: nil,
                    Generics:         nil,
                },
            },
        },
        {Package:"main", Name:"RefCreator"}: {
            "new": &types.Function{
                CodePointAsFirstArgument: false,
                Generics:                 {"T"},
                Arguments:                {
                    {
                        Name:         "value",
                        VariableType: &types.TypeArgument{Name:"T"},
                    },
                },
                ReturnType: &types.KnownType{
                    Package:          "tenecs.ref",
                    Name:             "Ref",
                    DeclaredGenerics: {"T"},
                    Generics:         {
                        &types.TypeArgument{Name:"T"},
                    },
                },
            },
        },
        {Package:"main", Name:"Runtime"}: {
            "console": &types.KnownType{
                Package:          "tenecs.go",
                Name:             "Console",
                DeclaredGenerics: nil,
                Generics:         nil,
            },
            "ref": &types.KnownType{
                Package:          "tenecs.ref",
                Name:             "RefCreator",
                DeclaredGenerics: nil,
                Generics:         {
                },
            },
            "time": &types.KnownType{
                Package:          "tenecs.go",
                Name:             "Time",
                DeclaredGenerics: nil,
                Generics:         nil,
            },
        },
        {Package:"main", Name:"Time"}: {
            "today": &types.Function{
                CodePointAsFirstArgument: false,
                Generics:                 {},
                Arguments:                {
                },
                ReturnType: &types.KnownType{
                    Package:          "tenecs.time",
                    Name:             "Date",
                    DeclaredGenerics: nil,
                    Generics:         nil,
                },
            },
        },
        {Package:"main", Name:"UnitTest"}: {
            "name": &types.KnownType{
                Package:          "",
                Name:             "String",
                DeclaredGenerics: nil,
                Generics:         nil,
            },
            "theTest": &types.Function{
                CodePointAsFirstArgument: false,
                Generics:                 nil,
                Arguments:                {
                    {
                        Name:         "testkit",
                        VariableType: &types.KnownType{
                            Package:          "tenecs.test",
                            Name:             "UnitTestKit",
                            DeclaredGenerics: nil,
                            Generics:         nil,
                        },
                    },
                },
                ReturnType: &types.KnownType{
                    Package:          "",
                    Name:             "Void",
                    DeclaredGenerics: nil,
                    Generics:         nil,
                },
            },
        },
        {Package:"main", Name:"UnitTestKit"}: {
            "assert": &types.KnownType{
                Package:          "tenecs.test",
                Name:             "Assert",
                DeclaredGenerics: nil,
                Generics:         nil,
            },
            "ref": &types.KnownType{
                Package:          "tenecs.ref",
                Name:             "RefCreator",
                DeclaredGenerics: nil,
                Generics:         {
                },
            },
        },
        {Package:"main", Name:"UnitTestRegistry"}: {
            "test": &types.Function{
                CodePointAsFirstArgument: false,
                Generics:                 nil,
                Arguments:                {
                    {
                        Name:         "name",
                        VariableType: &types.KnownType{
                            Package:          "",
                            Name:             "String",
                            DeclaredGenerics: nil,
                            Generics:         nil,
                        },
                    },
                    {
                        Name:         "theTest",
                        VariableType: &types.Function{
                            CodePointAsFirstArgument: false,
                            Generics:                 nil,
                            Arguments:                {
                                {
                                    Name:         "testkit",
                                    VariableType: &types.KnownType{(CYCLIC REFERENCE)},
                                },
                            },
                            ReturnType: &types.KnownType{
                                Package:          "",
                                Name:             "Void",
                                DeclaredGenerics: nil,
                                Generics:         nil,
                            },
                        },
                    },
                },
                ReturnType: &types.KnownType{
                    Package:          "",
                    Name:             "Void",
                    DeclaredGenerics: nil,
                    Generics:         nil,
                },
            },
        },
        {Package:"main", Name:"UnitTestSuite"}: {
            "name": &types.KnownType{
                Package:          "",
                Name:             "String",
                DeclaredGenerics: nil,
                Generics:         nil,
            },
            "tests": &types.Function{
                CodePointAsFirstArgument: false,
                Generics:                 nil,
                Arguments:                {
                    {
                        Name:         "registry",
                        VariableType: &types.KnownType{
                            Package:          "tenecs.test",
                            Name:             "UnitTestRegistry",
                            DeclaredGenerics: nil,
                            Generics:         nil,
                        },
                    },
                },
                ReturnType: &types.KnownType{
                    Package:          "",
                    Name:             "Void",
                    DeclaredGenerics: nil,
                    Generics:         nil,
                },
            },
        },
        {Package:"main", Name:"WebApp"}: {
            "external": &types.OrVariableType{
                Elements: {
                    &types.KnownType{
                        Package:          "",
                        Name:             "Void",
                        DeclaredGenerics: nil,
                        Generics:         nil,
                    },
                    &types.List{
                        Generic: &types.KnownType{
                            Package:          "tenecs.web",
                            Name:             "CssUrl",
                            DeclaredGenerics: {},
                            Generics:         {
                            },
                        },
                    },
                },
            },
            "init": &types.Function{
                CodePointAsFirstArgument: false,
                Generics:                 nil,
                Arguments:                {
                },
                ReturnType: &types.TypeArgument{Name:"Model"},
            },
            "update": &types.Function{
                CodePointAsFirstArgument: false,
                Generics:                 nil,
                Arguments:                {
                    {
                        Name:         "model",
                        VariableType: &types.TypeArgument{Name:"Model"},
                    },
                    {
                        Name:         "event",
                        VariableType: &types.TypeArgument{Name:"Event"},
                    },
                },
                ReturnType: &types.TypeArgument{Name:"Model"},
            },
            "view": &types.Function{
                CodePointAsFirstArgument: false,
                Generics:                 nil,
                Arguments:                {
                    {
                        Name:         "model",
                        VariableType: &types.TypeArgument{Name:"Model"},
                    },
                },
                ReturnType: &types.KnownType{
                    Package:          "tenecs.web",
                    Name:             "HtmlElement",
                    DeclaredGenerics: {"Event"},
                    Generics:         {
                        &types.TypeArgument{Name:"Event"},
                    },
                },
            },
        },
    },
}