package main

import ()

func main__app() any {
    return tenecs_go__Main().(func(any) any)(main__helloWorld())
}
func main__helloWorld() any {
    return func(_runtime any) any {
        return _runtime.(map[string]any)["_console"].(map[string]any)["_log"].(func(any) any)(map[string]any{"$type": "String", "value": "Hello world!"})
    }
}

func tenecs_go__Main() any {
    log := func(msg any) any {
        println(msg.(map[string]any)["value"].(string))
        return nil
    }
    console := map[string]any{
        "_log": log,
    }
    runtime := map[string]any{
        "_console": console,
    }
    return func(run any) any {
        return run.(func(any) any)(runtime)
    }
}

func main() {
    main__app()
}
